[
  {
    "contentType": "application/vnd.microsoft.card.adaptive",
    "contentUrl": null,
    "content": {
      "type": "AdaptiveCard",
      "version": "1.0",
      "body": [
        {
          "type": "Image",
          "url": "https://test.com/logo.png"
        },
        {
          "type": "TextBlock",
          "text": "Welcome to the Ops Bot"
        },
        {
          "type": "TextBlock",
          "text": "I can help with setting up access to willow resources"
        }
      ]
    },
    "name": null,
    "thumbnailUrl": null
  }
]
