[
  {
    "contentType": "application/vnd.microsoft.card.adaptive",
    "contentUrl": null,
    "content": {
      "type": "AdaptiveCard",
      "version": "1.0",
      "body": [
        {
          "type": "TextBlock",
          "text": "What is your Ip Address?"
        }
      ],
      "actions": [
        {
          "type": "Action.OpenUrl",
          "url": "https://test.com/",
          "title": "https://test.com/"
        }
      ]
    },
    "name": null,
    "thumbnailUrl": null
  }
]
